[    0.000000] Linux version 4.15.0-58-generic (buildd@lcy01-amd64-013) (gcc version 7.4.0 (Ubuntu 7.4.0-1ubuntu1~18.04.1)) #64-Ubuntu SMP Tue Aug 6 11:12:41 UTC 2019 (Ubuntu 4.15.0-58.64-generic 4.15.18)
[    0.000000] Command line: BOOT_IMAGE=/boot/vmlinuz-4.15.0-58-generic root=LABEL=cloudimg-rootfs ro console=tty1 console=ttyS0
[    0.000000] KERNEL supported cpus:
[    0.000000]   Intel GenuineIntel
[    0.000000]   AMD AuthenticAMD
[    0.000000]   Centaur CentaurHauls
[    0.000000] x86/fpu: Supporting XSAVE feature 0x001: 'x87 floating point registers'
[    0.000000] x86/fpu: Supporting XSAVE feature 0x002: 'SSE registers'
[    0.000000] x86/fpu: Supporting XSAVE feature 0x004: 'AVX registers'
[    0.000000] x86/fpu: xstate_offset[2]:  576, xstate_sizes[2]:  256
[    0.000000] x86/fpu: Enabled xstate features 0x7, context size is 832 bytes, using 'standard' format.
[    0.000000] e820: BIOS-provided physical RAM map:
[    0.000000] BIOS-e820: [mem 0x0000000000000000-0x000000000009fbff] usable
[    0.000000] BIOS-e820: [mem 0x000000000009fc00-0x000000000009ffff] reserved
[    0.000000] BIOS-e820: [mem 0x00000000000f0000-0x00000000000fffff] reserved
[    0.000000] BIOS-e820: [mem 0x0000000000100000-0x000000003ffeffff] usable
[    0.000000] BIOS-e820: [mem 0x000000003fff0000-0x000000003fffffff] ACPI data
[    0.000000] BIOS-e820: [mem 0x00000000fec00000-0x00000000fec00fff] reserved
[    0.000000] BIOS-e820: [mem 0x00000000fee00000-0x00000000fee00fff] reserved
[    0.000000] BIOS-e820: [mem 0x00000000fffc0000-0x00000000ffffffff] reserved
[    0.000000] NX (Execute Disable) protection: active
[    0.000000] SMBIOS 2.5 present.
[    0.000000] DMI: innotek GmbH VirtualBox/VirtualBox, BIOS VirtualBox 12/01/2006
[    0.000000] Hypervisor detected: KVM
[    0.000000] e820: last_pfn = 0x3fff0 max_arch_pfn = 0x400000000
[    0.000000] MTRR: Disabled
[    0.000000] x86/PAT: MTRRs disabled, skipping PAT initialization too.
[    0.000000] CPU MTRRs all blank - virtualized system.
[    0.000000] x86/PAT: Configuration [0-7]: WB  WT  UC- UC  WB  WT  UC- UC  
[    0.000000] found SMP MP-table at [mem 0x0009fff0-0x0009ffff] mapped at [        (ptrval)]
[    0.000000] Scanning 1 areas for low memory corruption
[    0.000000] RAMDISK: [mem 0x35a8b000-0x36d3cfff]
[    0.000000] ACPI: Early table checksum verification disabled
[    0.000000] ACPI: RSDP 0x00000000000E0000 000024 (v02 VBOX  )
[    0.000000] ACPI: XSDT 0x000000003FFF0030 00003C (v01 VBOX   VBOXXSDT 00000001 ASL  00000061)
[    0.000000] ACPI: FACP 0x000000003FFF00F0 0000F4 (v04 VBOX   VBOXFACP 00000001 ASL  00000061)
[    0.000000] ACPI: DSDT 0x000000003FFF0470 0022EA (v02 VBOX   VBOXBIOS 00000002 INTL 20100528)
[    0.000000] ACPI: FACS 0x000000003FFF0200 000040
[    0.000000] ACPI: FACS 0x000000003FFF0200 000040
[    0.000000] ACPI: APIC 0x000000003FFF0240 00005C (v02 VBOX   VBOXAPIC 00000001 ASL  00000061)
[    0.000000] ACPI: SSDT 0x000000003FFF02A0 0001CC (v01 VBOX   VBOXCPUT 00000002 INTL 20100528)
[    0.000000] No NUMA configuration found
[    0.000000] Faking a node at [mem 0x0000000000000000-0x000000003ffeffff]
[    0.000000] NODE_DATA(0) allocated [mem 0x3ffc5000-0x3ffeffff]
[    0.000000] kvm-clock: cpu 0, msr 0:3ff44001, primary cpu clock
[    0.000000] kvm-clock: Using msrs 4b564d01 and 4b564d00
[    0.000000] kvm-clock: using sched offset of 4336270510 cycles
[    0.000000] clocksource: kvm-clock: mask: 0xffffffffffffffff max_cycles: 0x1cd42e4dffb, max_idle_ns: 881590591483 ns
[    0.000000] Zone ranges:
[    0.000000]   DMA      [mem 0x0000000000001000-0x0000000000ffffff]
[    0.000000]   DMA32    [mem 0x0000000001000000-0x000000003ffeffff]
[    0.000000]   Normal   empty
[    0.000000]   Device   empty
[    0.000000] Movable zone start for each node
[    0.000000] Early memory node ranges
[    0.000000]   node   0: [mem 0x0000000000001000-0x000000000009efff]
[    0.000000]   node   0: [mem 0x0000000000100000-0x000000003ffeffff]
[    0.000000] Reserved but unavailable: 98 pages
[    0.000000] Initmem setup node 0 [mem 0x0000000000001000-0x000000003ffeffff]
[    0.000000] ACPI: PM-Timer IO Port: 0x4008
[    0.000000] IOAPIC[0]: apic_id 2, version 32, address 0xfec00000, GSI 0-23
[    0.000000] ACPI: INT_SRC_OVR (bus 0 bus_irq 0 global_irq 2 dfl dfl)
[    0.000000] ACPI: INT_SRC_OVR (bus 0 bus_irq 9 global_irq 9 low level)
[    0.000000] Using ACPI (MADT) for SMP configuration information
[    0.000000] smpboot: Allowing 2 CPUs, 0 hotplug CPUs
[    0.000000] PM: Registered nosave memory: [mem 0x00000000-0x00000fff]
[    0.000000] PM: Registered nosave memory: [mem 0x0009f000-0x0009ffff]
[    0.000000] PM: Registered nosave memory: [mem 0x000a0000-0x000effff]
[    0.000000] PM: Registered nosave memory: [mem 0x000f0000-0x000fffff]
[    0.000000] e820: [mem 0x40000000-0xfebfffff] available for PCI devices
[    0.000000] Booting paravirtualized kernel on KVM
[    0.000000] clocksource: refined-jiffies: mask: 0xffffffff max_cycles: 0xffffffff, max_idle_ns: 7645519600211568 ns
[    0.000000] random: get_random_bytes called from start_kernel+0x99/0x4fd with crng_init=0
[    0.000000] setup_percpu: NR_CPUS:8192 nr_cpumask_bits:2 nr_cpu_ids:2 nr_node_ids:1
[    0.000000] percpu: Embedded 46 pages/cpu @        (ptrval) s151552 r8192 d28672 u1048576
[    0.000000] PV qspinlock hash table entries: 256 (order: 0, 4096 bytes)
[    0.000000] Built 1 zonelists, mobility grouping on.  Total pages: 257913
[    0.000000] Policy zone: DMA32
[    0.000000] Kernel command line: BOOT_IMAGE=/boot/vmlinuz-4.15.0-58-generic root=LABEL=cloudimg-rootfs ro console=tty1 console=ttyS0
[    0.000000] Memory: 983452K/1048120K available (12300K kernel code, 2478K rwdata, 4280K rodata, 2424K init, 2384K bss, 64668K reserved, 0K cma-reserved)
[    0.000000] SLUB: HWalign=64, Order=0-3, MinObjects=0, CPUs=2, Nodes=1
[    0.000000] Kernel/User page tables isolation: enabled
[    0.000000] ftrace: allocating 39243 entries in 154 pages
[    0.004000] Hierarchical RCU implementation.
[    0.004000] 	RCU restricting CPUs from NR_CPUS=8192 to nr_cpu_ids=2.
[    0.004000] 	Tasks RCU enabled.
[    0.004000] RCU: Adjusting geometry for rcu_fanout_leaf=16, nr_cpu_ids=2
[    0.004000] NR_IRQS: 524544, nr_irqs: 440, preallocated irqs: 16
[    0.004000] Console: colour VGA+ 80x25
[    0.004000] console [tty1] enabled
[    0.004000] console [ttyS0] enabled
[    0.004000] ACPI: Core revision 20170831
[    0.004000] ACPI: 2 ACPI AML tables successfully acquired and loaded
[    0.004000] APIC: Switch to symmetric I/O mode setup
[    0.004163] x2apic enabled
[    0.006214] Switched APIC routing to physical x2apic.
[    0.010158] ..TIMER: vector=0x30 apic1=0 pin1=2 apic2=-1 pin2=-1
[    0.012005] tsc: Detected 1991.999 MHz processor
[    0.016014] Calibrating delay loop (skipped) preset value.. 3983.99 BogoMIPS (lpj=7967996)
[    0.020005] pid_max: default: 32768 minimum: 301
[    0.022158] Security Framework initialized
[    0.024004] Yama: becoming mindful.
[    0.025913] AppArmor: AppArmor initialized
[    0.030730] Dentry cache hash table entries: 131072 (order: 8, 1048576 bytes)
[    0.032083] Inode-cache hash table entries: 65536 (order: 7, 524288 bytes)
[    0.036022] Mount-cache hash table entries: 2048 (order: 2, 16384 bytes)
[    0.040010] Mountpoint-cache hash table entries: 2048 (order: 2, 16384 bytes)
[    0.042140] mce: CPU supports 0 MCE banks
[    0.043175] Last level iTLB entries: 4KB 64, 2MB 8, 4MB 8
[    0.044003] Last level dTLB entries: 4KB 64, 2MB 0, 4MB 0, 1GB 4
[    0.048004] Spectre V1 : Mitigation: usercopy/swapgs barriers and __user pointer sanitization
[    0.051225] Spectre V2 : Mitigation: Full generic retpoline
[    0.052006] Spectre V2 : Spectre v2 / SpectreRSB mitigation: Filling RSB on context switch
[    0.056004] Speculative Store Bypass: Vulnerable
[    0.057444] MDS: Mitigation: Clear CPU buffers
[    0.058660] Freeing SMP alternatives memory: 36K
[    0.064000] smpboot: CPU0: Intel(R) Core(TM) i5-6360U CPU @ 2.00GHz (family: 0x6, model: 0x4e, stepping: 0x3)
[    0.064000] Performance Events: unsupported p6 CPU model 78 no PMU driver, software events only.
[    0.064057] Hierarchical SRCU implementation.
[    0.068570] NMI watchdog: Perf event create on CPU 0 failed with -2
[    0.070560] NMI watchdog: Perf NMI watchdog permanently disabled
[    0.072000] smp: Bringing up secondary CPUs ...
[    0.072097] x86: Booting SMP configuration:
[    0.073532] .... node  #0, CPUs:      #1
[    0.004000] kvm-clock: cpu 1, msr 0:3ff44041, secondary cpu clock
[    0.004000] mce: CPU supports 0 MCE banks
[    0.080051] smp: Brought up 1 node, 2 CPUs
[    0.081551] smpboot: Max logical packages: 1
[    0.082777] smpboot: Total of 2 processors activated (7967.99 BogoMIPS)
[    0.084142] devtmpfs: initialized
[    0.084909] x86/mm: Memory block size: 128MB
[    0.088144] evm: security.selinux
[    0.089145] evm: security.SMACK64
[    0.089998] evm: security.SMACK64EXEC
[    0.090926] evm: security.SMACK64TRANSMUTE
[    0.092005] evm: security.SMACK64MMAP
[    0.093195] evm: security.apparmor
[    0.094104] evm: security.ima
[    0.094874] evm: security.capability
[    0.096092] clocksource: jiffies: mask: 0xffffffff max_cycles: 0xffffffff, max_idle_ns: 7645041785100000 ns
[    0.099111] futex hash table entries: 512 (order: 3, 32768 bytes)
[    0.100069] pinctrl core: initialized pinctrl subsystem
[    0.104079] RTC time: 11:02:11, date: 08/23/19
[    0.105852] NET: Registered protocol family 16
[    0.108079] audit: initializing netlink subsys (disabled)
[    0.109878] audit: type=2000 audit(1566558137.041:1): state=initialized audit_enabled=0 res=1
[    0.112012] cpuidle: using governor ladder
[    0.113440] cpuidle: using governor menu
[    0.114681] ACPI: bus type PCI registered
[    0.116004] acpiphp: ACPI Hot Plug PCI Controller Driver version: 0.5
[    0.117786] PCI: Using configuration type 1 for base access
[    0.120560] HugeTLB registered 2.00 MiB page size, pre-allocated 0 pages
[    0.121737] ACPI: Added _OSI(Module Device)
[    0.121737] ACPI: Added _OSI(Processor Device)
[    0.124005] ACPI: Added _OSI(3.0 _SCP Extensions)
[    0.125236] ACPI: Added _OSI(Processor Aggregator Device)
[    0.128010] ACPI: Added _OSI(Linux-Dell-Video)
[    0.129285] ACPI: Added _OSI(Linux-Lenovo-NV-HDMI-Audio)
[    0.130582] ACPI: Added _OSI(Linux-HPI-Hybrid-Graphics)
[    0.132501] ACPI: Executed 1 blocks of module-level executable AML code
[    0.138548] ACPI: Interpreter enabled
[    0.139811] ACPI: (supports S0 S5)
[    0.140003] ACPI: Using IOAPIC for interrupt routing
[    0.141656] PCI: Using host bridge windows from ACPI; if necessary, use "pci=nocrs" and report a bug
[    0.144262] ACPI: Enabled 2 GPEs in block 00 to 07
[    0.154312] ACPI: PCI Root Bridge [PCI0] (domain 0000 [bus 00-ff])
[    0.156010] acpi PNP0A03:00: _OSC: OS supports [ASPM ClockPM Segments MSI]
[    0.158214] acpi PNP0A03:00: _OSC: not requesting OS control; OS requires [ExtendedConfig ASPM ClockPM MSI]
[    0.160015] acpi PNP0A03:00: fail to add MMCONFIG information, can't access extended PCI configuration space under this bridge.
[    0.164529] PCI host bridge to bus 0000:00
[    0.166047] pci_bus 0000:00: root bus resource [io  0x0000-0x0cf7 window]
[    0.168005] pci_bus 0000:00: root bus resource [io  0x0d00-0xffff window]
[    0.169645] pci_bus 0000:00: root bus resource [mem 0x000a0000-0x000bffff window]
[    0.172004] pci_bus 0000:00: root bus resource [mem 0x40000000-0xfdffffff window]
[    0.174515] pci_bus 0000:00: root bus resource [bus 00-ff]
[    0.180429] pci 0000:00:01.1: legacy IDE quirk: reg 0x10: [io  0x01f0-0x01f7]
[    0.182929] pci 0000:00:01.1: legacy IDE quirk: reg 0x14: [io  0x03f6]
[    0.184004] pci 0000:00:01.1: legacy IDE quirk: reg 0x18: [io  0x0170-0x0177]
[    0.186465] pci 0000:00:01.1: legacy IDE quirk: reg 0x1c: [io  0x0376]
[    0.207651] pci 0000:00:07.0: quirk: [io  0x4000-0x403f] claimed by PIIX4 ACPI
[    0.208026] pci 0000:00:07.0: quirk: [io  0x4100-0x410f] claimed by PIIX4 SMB
[    0.220029] ACPI: PCI Interrupt Link [LNKA] (IRQs 5 9 10 *11)
[    0.222302] ACPI: PCI Interrupt Link [LNKB] (IRQs 5 9 *10 11)
[    0.224104] ACPI: PCI Interrupt Link [LNKC] (IRQs 5 *9 10 11)
[    0.226090] ACPI: PCI Interrupt Link [LNKD] (IRQs 5 9 10 *11)
[    0.227981] SCSI subsystem initialized
[    0.228047] pci 0000:00:02.0: vgaarb: setting as boot VGA device
[    0.230084] pci 0000:00:02.0: vgaarb: VGA device added: decodes=io+mem,owns=io+mem,locks=none
[    0.232007] pci 0000:00:02.0: vgaarb: bridge control possible
[    0.233542] vgaarb: loaded
[    0.234293] ACPI: bus type USB registered
[    0.236033] usbcore: registered new interface driver usbfs
[    0.237391] usbcore: registered new interface driver hub
[    0.240024] usbcore: registered new device driver usb
[    0.241362] EDAC MC: Ver: 3.0.0
[    0.241362] PCI: Using ACPI for IRQ routing
[    0.244646] NetLabel: Initializing
[    0.245526] NetLabel:  domain hash size = 128
[    0.246734] NetLabel:  protocols = UNLABELED CIPSOv4 CALIPSO
[    0.248021] NetLabel:  unlabeled traffic allowed by default
[    0.249515] clocksource: Switched to clocksource kvm-clock
[    0.264611] VFS: Disk quotas dquot_6.6.0
[    0.266038] VFS: Dquot-cache hash table entries: 512 (order 0, 4096 bytes)
[    0.267803] AppArmor: AppArmor Filesystem Enabled
[    0.269062] pnp: PnP ACPI init
[    0.271447] pnp: PnP ACPI: found 3 devices
[    0.282652] clocksource: acpi_pm: mask: 0xffffff max_cycles: 0xffffff, max_idle_ns: 2085701024 ns
[    0.285397] NET: Registered protocol family 2
[    0.289162] TCP established hash table entries: 8192 (order: 4, 65536 bytes)
[    0.291432] TCP bind hash table entries: 8192 (order: 5, 131072 bytes)
[    0.293485] TCP: Hash tables configured (established 8192 bind 8192)
[    0.295437] UDP hash table entries: 512 (order: 2, 16384 bytes)
[    0.296923] UDP-Lite hash table entries: 512 (order: 2, 16384 bytes)
[    0.298896] NET: Registered protocol family 1
[    0.300943] pci 0000:00:00.0: Limiting direct PCI/PCI transfers
[    0.303093] pci 0000:00:01.0: Activating ISA DMA hang workarounds
[    0.304741] pci 0000:00:02.0: Video device with shadowed ROM at [mem 0x000c0000-0x000dffff]
[    0.306902] Unpacking initramfs...
[    0.634819] Freeing initrd memory: 19144K
[    0.636370] clocksource: tsc: mask: 0xffffffffffffffff max_cycles: 0x396d4ffc055, max_idle_ns: 881590662783 ns
[    0.638830] platform rtc_cmos: registered platform RTC device (no PNP device found)
[    0.640898] Scanning for low memory corruption every 60 seconds
[    0.643129] Initialise system trusted keyrings
[    0.644645] Key type blacklist registered
[    0.645784] workingset: timestamp_bits=36 max_order=18 bucket_order=0
[    0.648429] zbud: loaded
[    0.649862] squashfs: version 4.0 (2009/01/31) Phillip Lougher
[    0.651673] fuse init (API version 7.26)
[    0.655837] Key type asymmetric registered
[    0.657389] Asymmetric key parser 'x509' registered
[    0.659315] Block layer SCSI generic (bsg) driver version 0.4 loaded (major 246)
[    0.662080] io scheduler noop registered
[    0.663490] io scheduler deadline registered
[    0.664767] io scheduler cfq registered (default)
[    0.666506] ACPI: AC Adapter [AC] (off-line)
[    0.667976] input: Power Button as /devices/LNXSYSTM:00/LNXPWRBN:00/input/input0
[    0.670235] ACPI: Power Button [PWRF]
[    0.671538] input: Sleep Button as /devices/LNXSYSTM:00/LNXSLPBN:00/input/input1
[    0.673680] ACPI: Sleep Button [SLPF]
[    0.676602] ACPI: Battery Slot [BAT0] (battery present)
[    0.678313] Serial: 8250/16550 driver, 32 ports, IRQ sharing enabled
[    0.701740] 00:02: ttyS0 at I/O 0x3f8 (irq = 4, base_baud = 115200) is a 16550A
[    0.706730] Linux agpgart interface v0.103
[    0.709298] loop: module loaded
[    0.711195] scsi host0: ata_piix
[    0.712233] scsi host1: ata_piix
[    0.713097] ata1: PATA max UDMA/33 cmd 0x1f0 ctl 0x3f6 bmdma 0xd000 irq 14
[    0.715079] ata2: PATA max UDMA/33 cmd 0x170 ctl 0x376 bmdma 0xd008 irq 15
[    0.717661] libphy: Fixed MDIO Bus: probed
[    0.718795] tun: Universal TUN/TAP device driver, 1.6
[    0.720257] PPP generic driver version 2.4.2
[    0.721953] ehci_hcd: USB 2.0 'Enhanced' Host Controller (EHCI) Driver
[    0.724038] ehci-pci: EHCI PCI platform driver
[    0.725685] ehci-platform: EHCI generic platform driver
[    0.726978] ohci_hcd: USB 1.1 'Open' Host Controller (OHCI) Driver
[    0.729097] ohci-pci: OHCI PCI platform driver
[    0.730378] ohci-platform: OHCI generic platform driver
[    0.731679] uhci_hcd: USB Universal Host Controller Interface driver
[    0.733859] i8042: PNP: PS/2 Controller [PNP0303:PS2K,PNP0f03:PS2M] at 0x60,0x64 irq 1,12
[    0.736550] serio: i8042 KBD port at 0x60,0x64 irq 1
[    0.737824] serio: i8042 AUX port at 0x60,0x64 irq 12
[    0.739525] mousedev: PS/2 mouse device common for all mice
[    0.742584] rtc_cmos rtc_cmos: rtc core: registered rtc_cmos as rtc0
[    0.744755] input: AT Translated Set 2 keyboard as /devices/platform/i8042/serio0/input/input2
[    0.747658] rtc_cmos rtc_cmos: alarms up to one day, 114 bytes nvram
[    0.749401] i2c /dev entries driver
[    0.750405] device-mapper: uevent: version 1.0.3
[    0.752368] device-mapper: ioctl: 4.37.0-ioctl (2017-09-20) initialised: dm-devel@redhat.com
[    0.754572] ledtrig-cpu: registered to indicate activity on CPUs
[    0.757034] NET: Registered protocol family 10
[    0.762269] Segment Routing with IPv6
[    0.763364] NET: Registered protocol family 17
[    0.764649] Key type dns_resolver registered
[    0.765961] RAS: Correctable Errors collector initialized.
[    0.767753] sched_clock: Marking stable (765924010, 0)->(1122259219, -356335209)
[    0.770291] registered taskstats version 1
[    0.771375] Loading compiled-in X.509 certificates
[    0.775754] Loaded X.509 cert 'Build time autogenerated kernel key: e343dd3e31c9820cf0adf0156bc2eecdcfc394af'
[    0.778266] zswap: loaded using pool lzo/zbud
[    0.783290] Key type big_key registered
[    0.784817] Key type trusted registered
[    0.788163] Key type encrypted registered
[    0.790235] AppArmor: AppArmor sha1 policy hashing enabled
[    0.792206] ima: No TPM chip found, activating TPM-bypass! (rc=-19)
[    0.793900] ima: Allocated hash algorithm: sha1
[    0.795406] evm: HMAC attrs: 0x1
[    0.796962]   Magic number: 15:866:24
[    0.798171] misc cpu_dma_latency: hash matches
[    0.799567] rtc_cmos rtc_cmos: setting system clock to 2019-08-23 11:02:12 UTC (1566558132)
[    0.802566] BIOS EDD facility v0.16 2004-Jun-25, 0 devices found
[    0.804481] EDD information not available.
[    0.879365] Freeing unused kernel image memory: 2424K
[    0.888892] Write protecting the kernel read-only data: 20480k
[    0.892441] Freeing unused kernel image memory: 2008K
[    0.894561] Freeing unused kernel image memory: 1864K
[    0.902007] x86/mm: Checked W+X mappings: passed, no W+X pages found.
[    0.904141] x86/mm: Checking user space page tables
[    0.910980] x86/mm: Checked W+X mappings: passed, no W+X pages found.
Loading, please wait...
starting version 237
[    1.004674] e1000: Intel(R) PRO/1000 Network Driver - version 7.3.21-k8-NAPI
[    1.015625] e1000: Copyright (c) 1999-2006 Intel Corporation.
[    1.033177] Fusion MPT base driver 3.04.20
[    1.038170] Copyright (c) 1999-2008 LSI Corporation
[    1.053936] Fusion MPT SPI Host driver 3.04.20
[    1.087669] AVX2 version of gcm_enc/dec engaged.
[    1.090396] AES CTR mode by8 optimization enabled
[    1.237849] input: ImExPS/2 Generic Explorer Mouse as /devices/platform/i8042/serio1/input/input4
[    1.508960] e1000 0000:00:03.0 eth0: (PCI:33MHz:32-bit) 02:19:d6:3c:94:c8
[    1.511580] e1000 0000:00:03.0 eth0: Intel(R) PRO/1000 Network Connection
[    1.515389] e1000 0000:00:03.0 enp0s3: renamed from eth0
[    1.516208] mptbase: ioc0: Initiating bringup
[    1.666912] ioc0: LSI53C1030 A0: Capabilities={Initiator}
[    3.096529] scsi host2: ioc0: LSI53C1030 A0, FwRev=00000000h, Ports=1, MaxQ=256, IRQ=20
[    3.545516] scsi 2:0:0:0: Direct-Access     VBOX     HARDDISK         1.0  PQ: 0 ANSI: 5
[    3.584060] scsi target2:0:0: Beginning Domain Validation
[    3.589305] scsi target2:0:0: Domain Validation skipping write tests
[    3.591146] scsi target2:0:0: Ending Domain Validation
[    3.592792] scsi target2:0:0: asynchronous
[    3.594622] scsi 2:0:1:0: Direct-Access     VBOX     HARDDISK         1.0  PQ: 0 ANSI: 5
[    3.628439] scsi target2:0:1: Beginning Domain Validation
[    3.632075] random: fast init done
[    3.634557] scsi target2:0:1: Domain Validation skipping write tests
[    3.636209] scsi target2:0:1: Ending Domain Validation
[    3.637684] scsi target2:0:1: asynchronous
[    3.643660] random: systemd-udevd: uninitialized urandom read (16 bytes read)
[    3.643724] sd 2:0:0:0: Attached scsi generic sg0 type 0
[    3.646333] random: systemd-udevd: uninitialized urandom read (16 bytes read)
[    3.648421] sd 2:0:1:0: Attached scsi generic sg1 type 0
[    3.650067] random: systemd-udevd: uninitialized urandom read (16 bytes read)
[    3.654708] sd 2:0:0:0: [sda] 20971520 512-byte logical blocks: (10.7 GB/10.0 GiB)
[    3.658035] sd 2:0:1:0: [sdb] 20480 512-byte logical blocks: (10.5 MB/10.0 MiB)
[    3.660550] sd 2:0:1:0: [sdb] Write Protect is off
[    3.662157] sd 2:0:0:0: [sda] Write Protect is off
[    3.663723] sd 2:0:1:0: [sdb] Incomplete mode parameter data
[    3.665684] sd 2:0:1:0: [sdb] Assuming drive cache: write through
[    3.668256] sd 2:0:0:0: [sda] Incomplete mode parameter data
[    3.669913] sd 2:0:0:0: [sda] Assuming drive cache: write through
[    3.675250] sd 2:0:1:0: [sdb] Attached SCSI disk
[    3.676553]  sda: sda1
[    3.678471] sd 2:0:0:0: [sda] Attached SCSI disk
Begin: Loading essential drivers ... [    5.176288] raid6: sse2x1   gen()  9683 MB/s
[    5.224011] raid6: sse2x1   xor()  6680 MB/s
[    5.272280] raid6: sse2x2   gen() 11920 MB/s
[    5.320115] raid6: sse2x2   xor()  7922 MB/s
[    5.368099] raid6: sse2x4   gen() 13716 MB/s
[    5.416253] raid6: sse2x4   xor()  8663 MB/s
[    5.464211] raid6: avx2x1   gen() 18917 MB/s
[    5.512093] raid6: avx2x1   xor()  7904 MB/s
[    5.560239] raid6: avx2x2   gen() 14504 MB/s
[    5.608330] raid6: avx2x2   xor() 14521 MB/s
[    5.656079] raid6: avx2x4   gen() 26318 MB/s
[    5.704072] raid6: avx2x4   xor() 16448 MB/s
[    5.705591] raid6: using algorithm avx2x4 gen() 26318 MB/s
[    5.707146] raid6: .... xor() 16448 MB/s, rmw enabled
[    5.708950] raid6: using avx2x2 recovery algorithm
[    5.711592] xor: automatically using best checksumming function   avx       
[    5.715917] async_tx: api initialized (async)
done.
Begin: Running /scripts/init-premount ... done.
Begin: Mounting root file system ... Begin: Running /scripts/local-top ... done.
Begin: Running /scripts/local-premount ... [    5.767244] Btrfs loaded, crc32c=crc32c-intel
Scanning for Btrfs filesystems
done.
Warning: fsck not present, so skipping root file system
[    5.803543] EXT4-fs (sda1): mounted filesystem with ordered data mode. Opts: (null)
done.
Begin: Running /scripts/local-bottom ... done.
Begin: Running /scripts/init-bottom ... done.
[    6.005787] ip_tables: (C) 2000-2006 Netfilter Core Team
[    6.017663] systemd[1]: systemd 237 running in system mode. (+PAM +AUDIT +SELINUX +IMA +APPARMOR +SMACK +SYSVINIT +UTMP +LIBCRYPTSETUP +GCRYPT +GNUTLS +ACL +XZ +LZ4 +SECCOMP +BLKID +ELFUTILS +KMOD -IDN2 +IDN -PCRE2 default-hierarchy=hybrid)
[    6.024052] systemd[1]: Detected virtualization oracle.
[    6.026015] systemd[1]: Detected architecture x86-64.

Welcome to [1mUbuntu 18.04.3 LTS[0m!

[    6.049716] systemd[1]: Set hostname to <ubuntu>.
[    6.058433] systemd[1]: Initializing machine ID from random generator.
[    6.060400] systemd[1]: Installed transient /etc/machine-id file.
[    6.328529] systemd[1]: Reached target System Time Synchronized.
[[0;32m  OK  [0m] Reached target System Time Synchronized.
[    6.331605] systemd[1]: Set up automount Arbitrary Executable File Formats File System Automount Point.
[[0;32m  OK  [0m] Set up automount Arbitrary Executabâ€¦rmats File System Automount Point.
[    6.335899] systemd[1]: Reached target User and Group Name Lookups.
[[0;32m  OK  [0m] Reached target User and Group Name Lookups.
[    6.352822] systemd[1]: Created slice System Slice.
[[0;32m  OK  [0m] Created slice System Slice.
[[0;32m  OK  [0m] Listening on Journal Socket.
         Starting Load Kernel Modules...
[[0;32m  OK  [0m] Created slice system-serial\x2dgetty.slice.
         Mounting Huge Pages File System...
[[0;32m  OK  [0m] Listening on Journal Socket (/dev/log).
[    6.392391] Loading iSCSI transport class v2.0-870.
[[0;32m  OK  [0m] Listening on LVM2 metadata daemon socket.
         Starting Set the console keyboard layout...
[[0;32m  OK  [0m] Listening on Device-mapper event daemon FIFOs.
         Starting Monitoring of LVM2 mirrorsâ€¦ng dmeventd or progress polling...
[[0;32m  OK  [0m] Reached target Swap.
[[0;32m  OK  [0m] Created slice User and Session Slice.
[    6.414874] iscsi: registered transport (tcp)
[[0;32m  OK  [0m] Reached target Slices.
[[0;32m  OK  [0m] Listening on Network Service Netlink Socket.
[[0;32m  OK  [0m] Started Forward Password Requests to Wall Directory Watch.
[[0;32m  OK  [0m] Listening on LVM2 poll daemon socket.
         Starting Uncomplicated firewall...
         Starting Remount Root and Kernel File Systems...
[    6.440899] iscsi: registered transport (iser)
         Mounting Kernel Debug File System...
         Mounting POSIX Message Queue File System...
[[0;32m  OK  [0m] Listening on /dev/initctl Compatibility Named Pipe.
[[0;32m  OK  [0m] Listening on udev Control Socket.
         Starting Create list of required stâ€¦ce nodes for the current kernel...
[[0;32m  OK  [0m] Listening on Journal Audit Socket.
[[0;32m  OK  [0m] Listening on udev Kernel Socket.
         Starting udev Coldplug all Devices...
[[0;32m  OK  [0m] Listening on Syslog Socket.
         Starting Journal Service...
[[0;32m  OK  [0m] Started Load Kernel Modules.
[[0;32m  OK  [0m] Mounted Huge Pages File System.
[[0;32m  OK  [0m] Mounted Kernel Debug File System.
[[0;32m  OK  [0m] Mounted POSIX Message Queue File System.
         Mounting FUSE Control File System...
         Starting Apply Kernel Variables...
         Mounting Kernel Configuration File System...
[[0;32m  OK  [0m] Mounted FUSE Control File System.
[[0;32m  OK  [0m] Mounted Kernel Configuration File System.
[[0;32m  OK  [0m] Started LVM2 metadata daemon.
[[0;32m  OK  [0m] Started Uncomplicated firewall.
[[0;32m  OK  [0m] Started Create list of required staâ€¦vice nodes for the current kernel.
         Starting Create Static Device Nodes in /dev...
[[0;32m  OK  [0m] Started Remount Root and Kernel File Systems.
         Starting Load/Save Random Seed...
[[0;32m  OK  [0m] Started Journal Service.
[[0;32m  OK  [0m] Started Monitoring of LVM2 mirrors,â€¦sing dmeventd or progress polling.
[[0;32m  OK  [0m] Started Apply Kernel Variables.
[[0;32m  OK  [0m] Started udev Coldplug all Devices.
         Starting Flush Journal to Persistent Storage...
[[0;32m  OK  [0m] Started Create Static Device Nodes in /dev.
[[0;32m  OK  [0m] Started Load/Save Random Seed.
         Starting udev Kernel Device Manager...
[[0;32m  OK  [0m] Started Flush Journal to Persistent Storage.
[[0;32m  OK  [0m] Started udev Kernel Device Manager.
[[0;32m  OK  [0m] Found device /dev/ttyS0.
[[0;32m  OK  [0m] Listening on Load/Save RF Kill Switch Status /dev/rfkill Watch.
[[0;32m  OK  [0m] Started Set the console keyboard layout.
[[0;32m  OK  [0m] Reached target Local File Systems (Pre).
[[0;32m  OK  [0m] Reached target Local File Systems.
         Starting Commit a transient machine-id on disk...
         Starting ebtables ruleset management...
         Starting Create Volatile Files and Directories...
         Starting Tell Plymouth To Write Out Runtime Data...
         Starting Set console font and keymap...
         Starting AppArmor initialization...
[[0;32m  OK  [0m] Started Dispatch Password Requests to Console Directory Watch.
[[0;32m  OK  [0m] Reached target Local Encrypted Volumes.
[[0;32m  OK  [0m] Started Create Volatile Files and Directories.
         Starting Update UTMP about System Boot/Shutdown...
[[0;32m  OK  [0m] Started Tell Plymouth To Write Out Runtime Data.
[[0;32m  OK  [0m] Started Update UTMP about System Boot/Shutdown.
[[0;32m  OK  [0m] Started Commit a transient machine-id on disk.
[[0;32m  OK  [0m] Started ebtables ruleset management.
[[0;32m  OK  [0m] Started AppArmor initialization.
         Starting Initial cloud-init job (pre-networking)...
[[0;32m  OK  [0m] Started Set console font and keymap.
[   10.091492] cloud-init[760]: Cloud-init v. 19.1-1-gbaa47854-0ubuntu1~18.04.1 running 'init-local' at Fri, 23 Aug 2019 11:02:21 +0000. Up 9.70 seconds.
[[0;32m  OK  [0m] Started Initial cloud-init job (pre-networking).
[[0;32m  OK  [0m] Reached target Network (Pre).
         Starting Network Service...
[[0;32m  OK  [0m] Started Network Service.
         Starting Wait for Network to be Configured...
         Starting Network Name Resolution...
[[0;32m  OK  [0m] Started Network Name Resolution.
[[0;32m  OK  [0m] Reached target Host and Network Name Lookups.
[[0;32m  OK  [0m] Reached target Network.
[[0;32m  OK  [0m] Started Wait for Network to be Configured.
         Starting Initial cloud-init job (metadata service crawler)...
[   13.201752] cloud-init[903]: Cloud-init v. 19.1-1-gbaa47854-0ubuntu1~18.04.1 running 'init' at Fri, 23 Aug 2019 11:02:24 +0000. Up 12.91 seconds.
[   13.207003] cloud-init[903]: ci-info: ++++++++++++++++++++++++++++++++++++++Net device info++++++++++++++++++++++++++++++++++++++
[   13.210778] cloud-init[903]: ci-info: +--------+------+----------------------------+---------------+--------+-------------------+
[   13.214660] cloud-init[903]: ci-info: | Device |  Up  |          Address           |      Mask     | Scope  |     Hw-Address    |
[   13.220375] cloud-init[903]: ci-info: +--------+------+----------------------------+---------------+--------+-------------------+
[   13.224510] cloud-init[903]: ci-info: | enp0s3 | True |         10.0.2.15          | 255.255.255.0 | global | 02:19:d6:3c:94:c8 |
[   13.231796] cloud-init[903]: ci-info: | enp0s3 | True | fe80::19:d6ff:fe3c:94c8/64 |       .       |  link  | 02:19:d6:3c:94:c8 |
[   13.236163] cloud-init[903]: ci-info: |   lo   | True |         127.0.0.1          |   255.0.0.0   |  host  |         .         |
[   13.241561] cloud-init[903]: ci-info: |   lo   | True |          ::1/128           |       .       |  host  |         .         |
[   13.245858] cloud-init[903]: ci-info: +--------+------+----------------------------+---------------+--------+-------------------+
[   13.252666] cloud-init[903]: ci-info: ++++++++++++++++++++++++++++Route IPv4 info+++++++++++++++++++++++++++++
[   13.257060] cloud-init[903]: ci-info: +-------+-------------+----------+-----------------+-----------+-------+
[   13.260251] cloud-init[903]: ci-info: | Route | Destination | Gateway  |     Genmask     | Interface | Flags |
[   13.265589] cloud-init[903]: ci-info: +-------+-------------+----------+-----------------+-----------+-------+
[   13.272426] cloud-init[903]: ci-info: |   0   |   0.0.0.0   | 10.0.2.2 |     0.0.0.0     |   enp0s3  |   UG  |
[   13.277771] cloud-init[903]: ci-info: |   1   |   10.0.2.0  | 0.0.0.0  |  255.255.255.0  |   enp0s3  |   U   |
[   13.282705] cloud-init[903]: ci-info: |   2   |   10.0.2.2  | 0.0.0.0  | 255.255.255.255 |   enp0s3  |   UH  |
[   13.288112] cloud-init[903]: ci-info: +-------+-------------+----------+-----------------+-----------+-------+
[   13.293735] cloud-init[903]: ci-info: +++++++++++++++++++Route IPv6 info+++++++++++++++++++
[   13.297119] cloud-init[903]: ci-info: +-------+-------------+---------+-----------+-------+
[   13.301723] cloud-init[903]: ci-info: | Route | Destination | Gateway | Interface | Flags |
[   13.306108] cloud-init[903]: ci-info: +-------+-------------+---------+-----------+-------+
[   13.310378] cloud-init[903]: ci-info: |   1   |  fe80::/64  |    ::   |   enp0s3  |   U   |
[   13.312557] cloud-init[903]: ci-info: |   3   |    local    |    ::   |   enp0s3  |   U   |
[   13.315029] cloud-init[903]: ci-info: |   4   |   ff00::/8  |    ::   |   enp0s3  |   U   |
[   13.317352] cloud-init[903]: ci-info: +-------+-------------+---------+-----------+-------+
[   14.187982] cloud-init[903]: Generating public/private rsa key pair.
[   14.191959] cloud-init[903]: Your identification has been saved in /etc/ssh/ssh_host_rsa_key.
[   14.195802] cloud-init[903]: Your public key has been saved in /etc/ssh/ssh_host_rsa_key.pub.
[   14.199980] cloud-init[903]: The key fingerprint is:
[   14.213152] cloud-init[903]: SHA256:p9uhWjAflthVf8KBj6g9yjK2FlKFKwmZk5UB0ICJXVc root@ubuntu-bionic
[   14.216995] cloud-init[903]: The key's randomart image is:
[   14.219218] cloud-init[903]: +---[RSA 2048]----+
[   14.221052] cloud-init[903]: |=*.B+o.oE   ...  |
[   14.223256] cloud-init[903]: |+ O ... .  ..o . |
[   14.224978] cloud-init[903]: |   o . o  .. o+ .|
[   14.227086] cloud-init[903]: |    o oo o. . .o |
[   14.229308] cloud-init[903]: |     o+ So.      |
[   14.230891] cloud-init[903]: |    . .=.+o      |
[   14.233457] cloud-init[903]: |     . o+...     |
[   14.235851] cloud-init[903]: |      =.o+ .     |
[   14.238970] cloud-init[903]: |     oo=o .      |
[   14.240214] cloud-init[903]: +----[SHA256]-----+
[   14.243015] cloud-init[903]: Generating public/private dsa key pair.
[   14.245107] cloud-init[903]: Your identification has been saved in /etc/ssh/ssh_host_dsa_key.
[   14.248795] cloud-init[903]: Your public key has been saved in /etc/ssh/ssh_host_dsa_key.pub.
[   14.251498] cloud-init[903]: The key fingerprint is:
[   14.253337] cloud-init[903]: SHA256:n7bNssCkG3blyZg2jOE0uPss0UlmiKfeAC2WSxDC+Q0 root@ubuntu-bionic
[   14.256203] cloud-init[903]: The key's randomart image is:
[   14.258042] cloud-init[903]: +---[DSA 1024]----+
[   14.259214] cloud-init[903]: |+..              |
[   14.268718] cloud-init[903]: |oo E             |
[   14.270371] cloud-init[903]: |..o.o.           |
[   14.272686] cloud-init[903]: |o+o.oo+          |
[   14.274551] cloud-init[903]: |oo.o.=+.S .      |
[   14.276484] cloud-init[903]: | .o .+oO B o     |
[   14.278154] cloud-init[903]: | . o..* X B      |
[   14.281127] cloud-init[[0;32m  OK  [0m] Started Initial cloud-init job (metadata service crawler).
[[0;32m  OK  [0m] Reached target Network is Online.
[903]: |  . o+ = +.+     |
[   14.290166] cloud-init[903]: |    .o+   ooo    |
         [   14.293523] cloud-init[903]: +----[SHA256]-----+
[   14.293809] cloud-init[903]: Generating public/private ecdsa key pair.
[   14.294802] cloud-init[903]: Your identification has been saved in /etc/ssh/ssh_host_ecdsa_key.
[   14.295778] cloud-init[903]: Your public key has been saved in /etc/ssh/ssh_host_ecdsa_key.pub.
Starting Availability of block devices...
[   14.296520] cloud-init[903]: The key fingerprint is:
[[   14.304432] cloud-init[903]: SHA256:hOUqFqA71MxMLxtpqXiYWsgV1zNNwewqVEYNuZyHrmM root@ubuntu-bionic
[   14.304659] cloud-init[903]: The key's randomart image is:
[   14.306766] cloud-init[903]: +---[ECDSA 256]---+
[   14.307250] cloud-init[903]: |  .o .ooXo.      |
[0;32m  OK  [0m] Reached target Remote File Systems (Pre).
[[0;32m  OK  [0m] Reached target Remote File Systems.
[[0;32m  OK  [0m] Reached target Cloud-config availability.
[[0;32m  OK  [0m] Reached target System Initialization.
[   14.308163] cloud-init[903]: | .*.*  @ =       |
[[0;32m  OK  [0m] Listening on Open-iSCSI iscsid Socket.
[   14.336938] [[0;32m  OK  [0m] Started Daily apt download activities.
[[0;32m  OK  [0m] Started Daily apt upgrade and clean activities.
[[0;32m  OK  [0m] Started Daily Cleanup of Temporary Directories.
[[0;32m  OK  [0m] Started Discard unused blocks once a week.
cloud-init[903]: |.. %..= X        |
[[0;32m  OK  [0m] Listening on D-Bus System Message Bus Socket.
[   14.353854] cloud-init[903]: |+=+ +o B o       |
[   14.369726] cloud-init[903]: |Boo.+ o S        |
         Starting LXD - unix socket.
[[0;32m  OK  [0m[   14.371497] cloud-init[903]: |.+ . o o         |
[   14.373558] cloud-init[903]: |.     o          |
[   14.373900] ] cloud-initStarted ACPI Events Check.[903]: 
|     E           |
[[   14.376624] cloud-init[903]: |    . .          |
[   14.376753] cloud-init[903]: +----[SHA256]-----+
[0;32m  OK  [0m] Reached target Paths.
[   14.377819] cloud-init[903]: Generating public/private ed25519 key pair.
[[0;32m  OK  [0m] Listening on UUID daemon activation socket.
[   14.382054] cloud-init[903]: Your identification has been saved in /etc/ssh/ssh_host_ed25519_key.
[   14.385521] cloud-init[903]: Your public key has been saved in /etc/ssh/ssh_host_ed25519_key.pub.
[   14.387695] cloud-init[903]: The key fingerprint is:
[   14.389061] cloud-init[903]: SHA256:bxVebHt7Ksd7GlyRLlfhucTOoY+su8ZoHa3hgIUp0+w root@ubuntu-bionic
[   14.390861] cloud-init[903]: The key's randomart image is:
[   14.392214] cloud-init[903]: +--[ED25519 256]--+
[   14.393624] cloud-init[903]: |               . |
[   14.395201] cloud-init[903]: |             .o +|
         Starting Socket activation for snappy daemon.
[   14.396630] cloud-init[903]: |      o o   . +O.|
[[0;32m  OK  [0m[   14.399199] cloud-init[903]: |     o = . . +*.=|
[   14.399833] cloud-init[903]: |      + S   +o.*o|
] Started Message of the Day.
[   14.401311] cloud-init[903]: |       E o +.o=o.|
[[   14.405857] cloud-init[903]: |          O ++oo.|
[   14.406015] cloud-init[903]: |         + *o ooo|
[0;32m  OK  [0m] Listening on ACPID Listen Socket.
[   14.406928] cloud-init[903]: |        . .+oo++ |
[[   14.411597] cloud-init[903]: +----[SHA256]-----+
[0;32m  OK  [0m] Reached target Timers.
[[0;32m  OK  [0m] Started Availability of block devices.
[[0;32m  OK  [0m] Listening on LXD - unix socket.
[[0;32m  OK  [0m] Listening on Socket activation for snappy daemon.
[[0;32m  OK  [0m] Reached target Sockets.
[[0;32m  OK  [0m] Reached target Basic System.
         Starting Accounts Service...
         Starting Virtualbox guest utils...
         Starting LSB: automatic crash report generation...
[[0;32m  OK  [0m] Started Deferred execution scheduler.
[[0;32m  OK  [0m] Started D-Bus System Message Bus.
         Starting Login Service...
[[0;32m  OK  [0m] Started Regular background program processing daemon.
         Starting Dispatcher daemon for systemd-networkd...
[[0;32m  OK  [0m] Started FUSE filesystem for LXC.
         Starting System Logging Service...
         Starting Snappy daemon...
[[0;32m  OK  [0m] Started irqbalance daemon.
         Starting LSB: Record successful boot for GRUB...
         Starting Permit User Sessions...
         Starting Pollinate to seed the pseudo random number generator...
         Starting LXD - container startup/shutdown...
[[0;32m  OK  [0m] Started System Logging Service.
[[0;32m  OK  [0m] Started Permit User Sessions.
[[0;32m  OK  [0m] Started Login Service.
[[0;32m  OK  [0m] Started Unattended Upgrades Shutdown.
         Starting Authorization Manager...
         Starting Hold until boot process finishes up...
         Starting Terminate Plymouth Boot Screen...
[[0;32m  OK  [0m] Started Hold until boot process finishes up.
[[0;32m  OK  [0m] Started Serial Getty on ttyS0.
         Starting Set console scheme...
[[0;32m  OK  [0m] Started Terminate Plymouth Boot Screen.
[[0;32m  OK  [0m] Started LSB: automatic crash report generation.
[[0;32m  OK  [0m] Started Set console scheme.
[[0;32m  OK  [0m] Created slice system-getty.slice.
[[0;32m  OK  [0m] Started Getty on tty1.
[[0;32m  OK  [0m] Reached target Login Prompts.
[[0;32m  OK  [0m] Started Virtualbox guest utils.
[[0;32m  OK  [0m] Started LSB: Record successful boot for GRUB.
[[0;32m  OK  [0m] Started Authorization Manager.
[[0;32m  OK  [0m] Started Accounts Service.
[[0;32m  OK  [0m] Started LXD - container startup/shutdown.
[[0;32m  OK  [0m] Started Dispatcher daemon for systemd-networkd.
[[0;32m  OK  [0m] Started Snappy daemon.
         Starting Wait until snapd is fully seeded...
[[0;32m  OK  [0m] Started Pollinate to seed the pseudo random number generator.
         Starting OpenBSD Secure Shell server...
[[0;32m  OK  [0m] Started OpenBSD Secure Shell server.
[[0;32m  OK  [0m] Created slice User Slice of vagrant.
         Starting User Manager for UID 1000...
[[0;32m  OK  [0m] Started Session 1 of user vagrant.
[[0;32m  OK  [0m] Started User Manager for UID 1000.
[[0;32m  OK  [0m] Started Wait until snapd is fully seeded.
         Starting Apply the settings specified in cloud-config...
[[0;32m  OK  [0m] Reached target Multi-User System.
[[0;32m  OK  [0m] Reached target Graphical Interface.
         Starting Update UTMP about System Runlevel Changes...
[[0;32m  OK  [0m] Started Update UTMP about System Runlevel Changes.
         Stopping User Manager for UID 1000...
[[0;32m  OK  [0m] Stopped User Manager for UID 1000.
[[0;32m  OK  [0m] Removed slice User Slice of vagrant.
[   20.505141] cloud-init[1562]: Cloud-init v. 19.1-1-gbaa47854-0ubuntu1~18.04.1 running 'modules:config' at Fri, 23 Aug 2019 11:02:31 +0000. Up 20.05 seconds.

Ubuntu 18.04.3 LTS ubuntu-bionic ttyS0

ubuntu-bionic login: ci-info: no authorized ssh keys fingerprints found for user ubuntu.
<14>Aug 23 11:02:32 ec2: 
<14>Aug 23 11:02:32 ec2: #############################################################
<14>Aug 23 11:02:32 ec2: -----BEGIN SSH HOST KEY FINGERPRINTS-----
<14>Aug 23 11:02:32 ec2: 1024 SHA256:n7bNssCkG3blyZg2jOE0uPss0UlmiKfeAC2WSxDC+Q0 root@ubuntu-bionic (DSA)
<14>Aug 23 11:02:32 ec2: 256 SHA256:hOUqFqA71MxMLxtpqXiYWsgV1zNNwewqVEYNuZyHrmM root@ubuntu-bionic (ECDSA)
<14>Aug 23 11:02:32 ec2: 256 SHA256:bxVebHt7Ksd7GlyRLlfhucTOoY+su8ZoHa3hgIUp0+w root@ubuntu-bionic (ED25519)
<14>Aug 23 11:02:32 ec2: 2048 SHA256:p9uhWjAflthVf8KBj6g9yjK2FlKFKwmZk5UB0ICJXVc root@ubuntu-bionic (RSA)
<14>Aug 23 11:02:32 ec2: -----END SSH HOST KEY FINGERPRINTS-----
<14>Aug 23 11:02:32 ec2: #############################################################
-----BEGIN SSH HOST KEY KEYS-----
ecdsa-sha2-nistp256 AAAAE2VjZHNhLXNoYTItbmlzdHAyNTYAAAAIbmlzdHAyNTYAAABBBFQ6xaEo2jIpezIzN4eWZiIsnneC/G4awuui2oWeB7AwhtInhxqA30LH6bNICW3Io8ULmEZIPSoe6KAWWlme5a0= root@ubuntu-bionic
ssh-ed25519 AAAAC3NzaC1lZDI1NTE5AAAAINDIFp33+ZmZhir5n/XCxz2dwqtc1/yM31OY6QPXWSmo root@ubuntu-bionic
ssh-rsa AAAAB3NzaC1yc2EAAAADAQABAAABAQCXoHPxOQbKB6s04sHkz3CkMtyZTts7A0bjFAQRfMMdM7jcRSogItBtfuMh9j+HoL0SX8BCy0zbtHyJ3aK7kkuIAqjTew7I0kAEcx7DMS4UjqYTQcYtKBZzYuSaj2eYBMy4sj43j416hZRYFnpyZdR8SKA92QCn5hCK1VNComRU+b0nh92okjWN39QL50D5aEWYF8T22lFQyKU48giF1wM3l9JmOY8X26FMM/kezdZs2YzyliT0U4aPxPN/KVNRlm8OfNHoi2psiNNnpI/i4aLa/lEuN40cfi1FzvRowTIajLG2t/nqFIx9xUCPsdWePRQXGqj6vuxSJAmCLAwiKs5B root@ubuntu-bionic
-----END SSH HOST KEY KEYS-----
[   21.262891] cloud-init[1726]: Cloud-init v. 19.1-1-gbaa47854-0ubuntu1~18.04.1 running 'modules:final' at Fri, 23 Aug 2019 11:02:32 +0000. Up 21.09 seconds.
[   21.263128] cloud-init[1726]: ci-info: no authorized ssh keys fingerprints found for user ubuntu.
[   21.265125] cloud-init[1726]: Cloud-init v. 19.1-1-gbaa47854-0ubuntu1~18.04.1 finished at Fri, 23 Aug 2019 11:02:32 +0000. Datasource DataSourceNoCloud [seed=/dev/sdb][dsmode=net].  Up 21.25 seconds
